stm32f446xx_spi_driver.c:19:6:SPI_PeriClock_Ctrl	16	static
stm32f446xx_spi_driver.c:56:6:SPI_Init	24	static
stm32f446xx_spi_driver.c:128:6:SPI_DeInit	16	static
stm32f446xx_spi_driver.c:149:9:SPI_GetFlagStatus	16	static
stm32f446xx_spi_driver.c:169:6:SPI_SendData	24	static
stm32f446xx_spi_driver.c:220:6:SPI_ReceiveData	24	static
stm32f446xx_spi_driver.c:266:6:SPI_PeripheralControl	16	static
stm32f446xx_spi_driver.c:286:6:SPI_SSIConfig	16	static
stm32f446xx_spi_driver.c:309:6:SPI_SSOEConfig	16	static
stm32f446xx_spi_driver.c:331:6:SPI_IRQInterruptConfig	16	static
stm32f446xx_spi_driver.c:393:6:SPI_IRQPriorityConfig	24	static
stm32f446xx_spi_driver.c:419:9:SPI_SendData_Interrupt	32	static
stm32f446xx_spi_driver.c:459:9:SPI_ReceiveData_Interrupt	32	static
stm32f446xx_spi_driver.c:503:6:SPI_IRQHandling	24	static
stm32f446xx_spi_driver.c:554:13:SPI_TXE_Interrupt_Handle	16	static
stm32f446xx_spi_driver.c:623:13:SPI_RXNE_Interrupt_Handle	16	static
stm32f446xx_spi_driver.c:694:13:SPI_OVF_ERR_Interrupt_Handle	24	static
stm32f446xx_spi_driver.c:726:6:SPI_CloseTransmission	16	static
stm32f446xx_spi_driver.c:755:6:SPI_CloseReception	16	static
stm32f446xx_spi_driver.c:781:6:SPI_ClearOVRFlag	24	static
stm32f446xx_spi_driver.c:797:13:SPI_ApplicationEventCallback	16	static
