Archive member included to satisfy reference by file (symbol)

/opt/st/stm32cubeide_1.6.0/plugins/com.st.stm32cube.ide.mcu.externaltools.gnu-tools-for-stm32.9-2020-q2-update.linux64_1.5.0.202011040924/tools/bin/../lib/gcc/arm-none-eabi/9.3.1/../../../../arm-none-eabi/lib/thumb/v7e-m+fp/hard/libc_nano.a(lib_a-errno.o)
                              Src/syscalls.o (__errno)
/opt/st/stm32cubeide_1.6.0/plugins/com.st.stm32cube.ide.mcu.externaltools.gnu-tools-for-stm32.9-2020-q2-update.linux64_1.5.0.202011040924/tools/bin/../lib/gcc/arm-none-eabi/9.3.1/../../../../arm-none-eabi/lib/thumb/v7e-m+fp/hard/libc_nano.a(lib_a-exit.o)
                              /opt/st/stm32cubeide_1.6.0/plugins/com.st.stm32cube.ide.mcu.externaltools.gnu-tools-for-stm32.9-2020-q2-update.linux64_1.5.0.202011040924/tools/bin/../lib/gcc/arm-none-eabi/9.3.1/../../../../arm-none-eabi/lib/thumb/v7e-m+fp/hard/crt0.o (exit)
/opt/st/stm32cubeide_1.6.0/plugins/com.st.stm32cube.ide.mcu.externaltools.gnu-tools-for-stm32.9-2020-q2-update.linux64_1.5.0.202011040924/tools/bin/../lib/gcc/arm-none-eabi/9.3.1/../../../../arm-none-eabi/lib/thumb/v7e-m+fp/hard/libc_nano.a(lib_a-impure.o)
                              /opt/st/stm32cubeide_1.6.0/plugins/com.st.stm32cube.ide.mcu.externaltools.gnu-tools-for-stm32.9-2020-q2-update.linux64_1.5.0.202011040924/tools/bin/../lib/gcc/arm-none-eabi/9.3.1/../../../../arm-none-eabi/lib/thumb/v7e-m+fp/hard/libc_nano.a(lib_a-exit.o) (_global_impure_ptr)
/opt/st/stm32cubeide_1.6.0/plugins/com.st.stm32cube.ide.mcu.externaltools.gnu-tools-for-stm32.9-2020-q2-update.linux64_1.5.0.202011040924/tools/bin/../lib/gcc/arm-none-eabi/9.3.1/../../../../arm-none-eabi/lib/thumb/v7e-m+fp/hard/libc_nano.a(lib_a-init.o)
                              /opt/st/stm32cubeide_1.6.0/plugins/com.st.stm32cube.ide.mcu.externaltools.gnu-tools-for-stm32.9-2020-q2-update.linux64_1.5.0.202011040924/tools/bin/../lib/gcc/arm-none-eabi/9.3.1/../../../../arm-none-eabi/lib/thumb/v7e-m+fp/hard/crt0.o (__libc_init_array)
/opt/st/stm32cubeide_1.6.0/plugins/com.st.stm32cube.ide.mcu.externaltools.gnu-tools-for-stm32.9-2020-q2-update.linux64_1.5.0.202011040924/tools/bin/../lib/gcc/arm-none-eabi/9.3.1/../../../../arm-none-eabi/lib/thumb/v7e-m+fp/hard/libc_nano.a(lib_a-memset.o)
                              /opt/st/stm32cubeide_1.6.0/plugins/com.st.stm32cube.ide.mcu.externaltools.gnu-tools-for-stm32.9-2020-q2-update.linux64_1.5.0.202011040924/tools/bin/../lib/gcc/arm-none-eabi/9.3.1/../../../../arm-none-eabi/lib/thumb/v7e-m+fp/hard/crt0.o (memset)
/opt/st/stm32cubeide_1.6.0/plugins/com.st.stm32cube.ide.mcu.externaltools.gnu-tools-for-stm32.9-2020-q2-update.linux64_1.5.0.202011040924/tools/bin/../lib/gcc/arm-none-eabi/9.3.1/thumb/v7e-m+fp/hard/libgcc.a(_arm_muldf3.o)
                              board_support_package/HCSR04_Ultrasonice_Sensor/src/HCSR04.o (__aeabi_dmul)
/opt/st/stm32cubeide_1.6.0/plugins/com.st.stm32cube.ide.mcu.externaltools.gnu-tools-for-stm32.9-2020-q2-update.linux64_1.5.0.202011040924/tools/bin/../lib/gcc/arm-none-eabi/9.3.1/thumb/v7e-m+fp/hard/libgcc.a(_arm_addsubdf3.o)
                              board_support_package/HCSR04_Ultrasonice_Sensor/src/HCSR04.o (__aeabi_dadd)
/opt/st/stm32cubeide_1.6.0/plugins/com.st.stm32cube.ide.mcu.externaltools.gnu-tools-for-stm32.9-2020-q2-update.linux64_1.5.0.202011040924/tools/bin/../lib/gcc/arm-none-eabi/9.3.1/thumb/v7e-m+fp/hard/libgcc.a(_arm_muldivdf3.o)
                              board_support_package/HCSR04_Ultrasonice_Sensor/src/HCSR04.o (__aeabi_ddiv)
/opt/st/stm32cubeide_1.6.0/plugins/com.st.stm32cube.ide.mcu.externaltools.gnu-tools-for-stm32.9-2020-q2-update.linux64_1.5.0.202011040924/tools/bin/../lib/gcc/arm-none-eabi/9.3.1/thumb/v7e-m+fp/hard/libgcc.a(_arm_cmpdf2.o)
                              board_support_package/HCSR04_Ultrasonice_Sensor/src/HCSR04.o (__aeabi_dcmpeq)

Discarded input sections

 .text          0x0000000000000000        0x0 /opt/st/stm32cubeide_1.6.0/plugins/com.st.stm32cube.ide.mcu.externaltools.gnu-tools-for-stm32.9-2020-q2-update.linux64_1.5.0.202011040924/tools/bin/../lib/gcc/arm-none-eabi/9.3.1/thumb/v7e-m+fp/hard/crti.o
 .data          0x0000000000000000        0x0 /opt/st/stm32cubeide_1.6.0/plugins/com.st.stm32cube.ide.mcu.externaltools.gnu-tools-for-stm32.9-2020-q2-update.linux64_1.5.0.202011040924/tools/bin/../lib/gcc/arm-none-eabi/9.3.1/thumb/v7e-m+fp/hard/crti.o
 .bss           0x0000000000000000        0x0 /opt/st/stm32cubeide_1.6.0/plugins/com.st.stm32cube.ide.mcu.externaltools.gnu-tools-for-stm32.9-2020-q2-update.linux64_1.5.0.202011040924/tools/bin/../lib/gcc/arm-none-eabi/9.3.1/thumb/v7e-m+fp/hard/crti.o
 .data          0x0000000000000000        0x4 /opt/st/stm32cubeide_1.6.0/plugins/com.st.stm32cube.ide.mcu.externaltools.gnu-tools-for-stm32.9-2020-q2-update.linux64_1.5.0.202011040924/tools/bin/../lib/gcc/arm-none-eabi/9.3.1/thumb/v7e-m+fp/hard/crtbegin.o
[...]
Memory Configuration

Name             Origin             Length             Attributes
RAM              0x0000000020000000 0x0000000000020000 xrw
FLASH            0x0000000008000000 0x0000000000080000 xr
*default*        0x0000000000000000 0xffffffffffffffff

Linker script and memory map

LOAD /opt/st/stm32cubeide_1.6.0/plugins/com.st.stm32cube.ide.mcu.externaltools.gnu-tools-for-stm32.9-2020-q2-update.linux64_1.5.0.202011040924/tools/bin/../lib/gcc/arm-none-eabi/9.3.1/thumb/v7e-m+fp/hard/crti.o
LOAD /opt/st/stm32cubeide_1.6.0/plugins/com.st.stm32cube.ide.mcu.externaltools.gnu-tools-for-stm32.9-2020-q2-update.linux64_1.5.0.202011040924/tools/bin/../lib/gcc/arm-none-eabi/9.3.1/thumb/v7e-m+fp/hard/crtbegin.o
LOAD /opt/st/stm32cubeide_1.6.0/plugins/com.st.stm32cube.ide.mcu.externaltools.gnu-tools-for-stm32.9-2020-q2-update.linux64_1.5.0.202011040924/tools/bin/../lib/gcc/arm-none-eabi/9.3.1/../../../../arm-none-eabi/lib/thumb/v7e-m+fp/hard/crt0.o
LOAD Src/1_blink_led_push_pull.o
LOAD Src/syscalls.o
LOAD Src/sysmem.o
LOAD Startup/startup_stm32f446retx.o
LOAD board_support_package/HCSR04_Ultrasonice_Sensor/src/HCSR04.o
LOAD board_support_package/LCD_HD44780_Driver/src/LCD_HD44780_I2C.o
LOAD board_support_package/LCD_HD44780_Driver/src/LCD_HD44780_bsp.o
LOAD drivers/Src/delay.o
LOAD drivers/Src/stm32f446xx_spi_driver.o
LOAD drivers/Src/stm32f44xx_gpio_driver.o
LOAD drivers/Src/stm32f44xx_i2c_driver.o
LOAD drivers/Src/stm32f44xx_uart_driver.o
START GROUP
LOAD /opt/st/stm32cubeide_1.6.0/plugins/com.st.stm32cube.ide.mcu.externaltools.gnu-tools-for-stm32.9-2020-q2-update.linux64_1.5.0.202011040924/tools/bin/../lib/gcc/arm-none-eabi/9.3.1/../../../../arm-none-eabi/lib/thumb/v7e-m+fp/hard/libc_nano.a
LOAD /opt/st/stm32cubeide_1.6.0/plugins/com.st.stm32cube.ide.mcu.externaltools.gnu-tools-for-stm32.9-2020-q2-update.linux64_1.5.0.202011040924/tools/bin/../lib/gcc/arm-none-eabi/9.3.1/../../../../arm-none-eabi/lib/thumb/v7e-m+fp/hard/libm.a
END GROUP
START GROUP
LOAD /opt/st/stm32cubeide_1.6.0/plugins/com.st.stm32cube.ide.mcu.externaltools.gnu-tools-for-stm32.9-2020-q2-update.linux64_1.5.0.202011040924/tools/bin/../lib/gcc/arm-none-eabi/9.3.1/thumb/v7e-m+fp/hard/libgcc.a
LOAD /opt/st/stm32cubeide_1.6.0/plugins/com.st.stm32cube.ide.mcu.externaltools.gnu-tools-for-stm32.9-2020-q2-update.linux64_1.5.0.202011040924/tools/bin/../lib/gcc/arm-none-eabi/9.3.1/../../../../arm-none-eabi/lib/thumb/v7e-m+fp/hard/libc_nano.a
END GROUP
START GROUP
LOAD /opt/st/stm32cubeide_1.6.0/plugins/com.st.stm32cube.ide.mcu.externaltools.gnu-tools-for-stm32.9-2020-q2-update.linux64_1.5.0.202011040924/tools/bin/../lib/gcc/arm-none-eabi/9.3.1/thumb/v7e-m+fp/hard/libgcc.a
LOAD /opt/st/stm32cubeide_1.6.0/plugins/com.st.stm32cube.ide.mcu.externaltools.gnu-tools-for-stm32.9-2020-q2-update.linux64_1.5.0.202011040924/tools/bin/../lib/gcc/arm-none-eabi/9.3.1/../../../../arm-none-eabi/lib/thumb/v7e-m+fp/hard/libc_nano.a
LOAD /opt/st/stm32cubeide_1.6.0/plugins/com.st.stm32cube.ide.mcu.externaltools.gnu-tools-for-stm32.9-2020-q2-update.linux64_1.5.0.202011040924/tools/bin/../lib/gcc/arm-none-eabi/9.3.1/../../../../arm-none-eabi/lib/thumb/v7e-m+fp/hard/libnosys.a
END GROUP
START GROUP
LOAD /opt/st/stm32cubeide_1.6.0/plugins/com.st.stm32cube.ide.mcu.externaltools.gnu-tools-for-stm32.9-2020-q2-update.linux64_1.5.0.202011040924/tools/bin/../lib/gcc/arm-none-eabi/9.3.1/thumb/v7e-m+fp/hard/libgcc.a
LOAD /opt/st/stm32cubeide_1.6.0/plugins/com.st.stm32cube.ide.mcu.externaltools.gnu-tools-for-stm32.9-2020-q2-update.linux64_1.5.0.202011040924/tools/bin/../lib/gcc/arm-none-eabi/9.3.1/../../../../arm-none-eabi/lib/thumb/v7e-m+fp/hard/libc_nano.a
LOAD /opt/st/stm32cubeide_1.6.0/plugins/com.st.stm32cube.ide.mcu.externaltools.gnu-tools-for-stm32.9-2020-q2-update.linux64_1.5.0.202011040924/tools/bin/../lib/gcc/arm-none-eabi/9.3.1/../../../../arm-none-eabi/lib/thumb/v7e-m+fp/hard/libnosys.a
END GROUP
LOAD /opt/st/stm32cubeide_1.6.0/plugins/com.st.stm32cube.ide.mcu.externaltools.gnu-tools-for-stm32.9-2020-q2-update.linux64_1.5.0.202011040924/tools/bin/../lib/gcc/arm-none-eabi/9.3.1/thumb/v7e-m+fp/hard/crtend.o
LOAD /opt/st/stm32cubeide_1.6.0/plugins/com.st.stm32cube.ide.mcu.externaltools.gnu-tools-for-stm32.9-2020-q2-update.linux64_1.5.0.202011040924/tools/bin/../lib/gcc/arm-none-eabi/9.3.1/thumb/v7e-m+fp/hard/crtn.o
                0x0000000020020000                _estack = (ORIGIN (RAM) + LENGTH (RAM))
                0x0000000000000200                _Min_Heap_Size = 0x200
                0x0000000000000400                _Min_Stack_Size = 0x400

.isr_vector     0x0000000008000000      0x1c4
                0x0000000008000000                . = ALIGN (0x4)
 *(.isr_vector)
 .isr_vector    0x0000000008000000      0x1c4 Startup/startup_stm32f446retx.o
                0x0000000008000000                g_pfnVectors
                0x00000000080001c4                . = ALIGN (0x4)

.text           0x00000000080001c4      0x640
                0x00000000080001c4                . = ALIGN (0x4)
 *(.text)
 .text          0x00000000080001c4       0x40 /opt/st/stm32cubeide_1.6.0/plugins/com.st.stm32cube.ide.mcu.externaltools.gnu-tools-for-stm32.9-2020-q2-update.linux64_1.5.0.202011040924/tools/bin/../lib/gcc/arm-none-eabi/9.3.1/thumb/v7e-m+fp/hard/crtbegin.o
 *(.text*)
 .text.main     0x0000000008000204       0x3c Src/1_blink_led_push_pull.o
                0x0000000008000204                main
 .text.Reset_Handler
                0x0000000008000240       0x50 Startup/startup_stm32f446retx.o
                0x0000000008000240                Reset_Handler
 .text.Default_Handler
                0x0000000008000290        0x2 Startup/startup_stm32f446retx.o
                0x0000000008000290                RTC_Alarm_IRQHandler
                0x0000000008000290                EXTI2_IRQHandler
                0x0000000008000290                TIM8_CC_IRQHandler
                0x0000000008000290                SPDIF_Rx_IRQHandler
                0x0000000008000290                DebugMon_Handler
                0x0000000008000290                SPI4_IRQHandler
                0x0000000008000290                TIM1_CC_IRQHandler
                0x0000000008000290                QuadSPI_IRQHandler
                0x0000000008000290                DMA2_Stream5_IRQHandler
                0x0000000008000290                HardFault_Handler
                0x0000000008000290                DMA1_Stream5_IRQHandler
                0x0000000008000290                SysTick_Handler
                0x0000000008000290                PVD_IRQHandler
                0x0000000008000290                SDIO_IRQHandler
                0x0000000008000290                TAMP_STAMP_IRQHandler
                0x0000000008000290                PendSV_Handler
                0x0000000008000290                NMI_Handler
                0x0000000008000290                CAN2_RX1_IRQHandler
                0x0000000008000290                EXTI3_IRQHandler
                0x0000000008000290                TIM8_TRG_COM_TIM14_IRQHandler
                0x0000000008000290                TIM1_UP_TIM10_IRQHandler
                0x0000000008000290                FMPI2C1_error_IRQHandler
                0x0000000008000290                TIM8_UP_TIM13_IRQHandler
                0x0000000008000290                I2C3_ER_IRQHandler
                0x0000000008000290                EXTI0_IRQHandler
                0x0000000008000290                I2C2_EV_IRQHandler
                0x0000000008000290                DMA1_Stream2_IRQHandler
                0x0000000008000290                CAN1_RX0_IRQHandler
                0x0000000008000290                FPU_IRQHandler
                0x0000000008000290                OTG_HS_WKUP_IRQHandler
                0x0000000008000290                UsageFault_Handler
                0x0000000008000290                CAN2_SCE_IRQHandler
                0x0000000008000290                DMA2_Stream2_IRQHandler
                0x0000000008000290                SPI1_IRQHandler
                0x0000000008000290                TIM6_DAC_IRQHandler
                0x0000000008000290                TIM1_BRK_TIM9_IRQHandler
                0x0000000008000290                DCMI_IRQHandler
                0x0000000008000290                CAN2_RX0_IRQHandler
                0x0000000008000290                DMA2_Stream3_IRQHandler
                0x0000000008000290                FMPI2C1_IRQHandler
                0x0000000008000290                SAI2_IRQHandler
                0x0000000008000290                USART6_IRQHandler
                0x0000000008000290                USART3_IRQHandler
                0x0000000008000290                CAN1_RX1_IRQHandler
                0x0000000008000290                UART5_IRQHandler
                0x0000000008000290                DMA2_Stream0_IRQHandler
                0x0000000008000290                TIM4_IRQHandler
                0x0000000008000290                I2C1_EV_IRQHandler
                0x0000000008000290                HDMI_CEC_IRQHandler
                0x0000000008000290                DMA1_Stream6_IRQHandler
                0x0000000008000290                DMA1_Stream1_IRQHandler
                0x0000000008000290                UART4_IRQHandler
                0x0000000008000290                TIM3_IRQHandler
                0x0000000008000290                RCC_IRQHandler
                0x0000000008000290                TIM8_BRK_TIM12_IRQHandler
                0x0000000008000290                Default_Handler
                0x0000000008000290                EXTI15_10_IRQHandler
                0x0000000008000290                ADC_IRQHandler
                0x0000000008000290                DMA1_Stream7_IRQHandler
                0x0000000008000290                TIM7_IRQHandler
                0x0000000008000290                CAN2_TX_IRQHandler
                0x0000000008000290                TIM5_IRQHandler
                0x0000000008000290                DMA2_Stream7_IRQHandler
                0x0000000008000290                I2C3_EV_IRQHandler
                0x0000000008000290                EXTI9_5_IRQHandler
                0x0000000008000290                RTC_WKUP_IRQHandler
                0x0000000008000290                SPI2_IRQHandler
                0x0000000008000290                OTG_HS_EP1_IN_IRQHandler
                0x0000000008000290                MemManage_Handler
                0x0000000008000290                DMA1_Stream0_IRQHandler
                0x0000000008000290                CAN1_TX_IRQHandler
                0x0000000008000290                SVC_Handler
                0x0000000008000290                EXTI4_IRQHandler
                0x0000000008000290                OTG_HS_EP1_OUT_IRQHandler
                0x0000000008000290                WWDG_IRQHandler
                0x0000000008000290                TIM2_IRQHandler
                0x0000000008000290                OTG_FS_WKUP_IRQHandler
                0x0000000008000290                TIM1_TRG_COM_TIM11_IRQHandler
                0x0000000008000290                OTG_HS_IRQHandler
                0x0000000008000290                EXTI1_IRQHandler
                0x0000000008000290                USART2_IRQHandler
                0x0000000008000290                I2C2_ER_IRQHandler
                0x0000000008000290                DMA2_Stream1_IRQHandler
                0x0000000008000290                CAN1_SCE_IRQHandler
                0x0000000008000290                FLASH_IRQHandler
                0x0000000008000290                DMA2_Stream4_IRQHandler
                0x0000000008000290                BusFault_Handler
                0x0000000008000290                USART1_IRQHandler
                0x0000000008000290                OTG_FS_IRQHandler
                0x0000000008000290                SPI3_IRQHandler
                0x0000000008000290                DMA1_Stream4_IRQHandler
                0x0000000008000290                I2C1_ER_IRQHandler
                0x0000000008000290                FMC_IRQHandler
                0x0000000008000290                DMA2_Stream6_IRQHandler
                0x0000000008000290                SAI1_IRQHandler
                0x0000000008000290                DMA1_Stream3_IRQHandler
 *fill*         0x0000000008000292        0x2 
 .text.GPIO_Init
                0x0000000008000294      0x314 drivers/Src/stm32f44xx_gpio_driver.o
                0x0000000008000294                GPIO_Init
 .text.GPIO_PeriClock_Ctrl
                0x00000000080005a8      0x1d0 drivers/Src/stm32f44xx_gpio_driver.o
                0x00000000080005a8                GPIO_PeriClock_Ctrl
 .text.GPIO_ToggleOutputPin
                0x0000000008000778       0x2a drivers/Src/stm32f44xx_gpio_driver.o
                0x0000000008000778                GPIO_ToggleOutputPin
 *fill*         0x00000000080007a2        0x2 
 .text.__libc_init_array
                0x00000000080007a4       0x48 /opt/st/stm32cubeide_1.6.0/plugins/com.st.stm32cube.ide.mcu.externaltools.gnu-tools-for-stm32.9-2020-q2-update.linux64_1.5.0.202011040924/tools/bin/../lib/gcc/arm-none-eabi/9.3.1/../../../../arm-none-eabi/lib/thumb/v7e-m+fp/hard/libc_nano.a(lib_a-init.o)
                0x00000000080007a4                __libc_init_array
 *(.glue_7)
 .glue_7        0x00000000080007ec        0x0 linker stubs
 *(.glue_7t)
 .glue_7t       0x00000000080007ec        0x0 linker stubs
 *(.eh_frame)
 .eh_frame      0x00000000080007ec        0x0 /opt/st/stm32cubeide_1.6.0/plugins/com.st.stm32cube.ide.mcu.externaltools.gnu-tools-for-stm32.9-2020-q2-update.linux64_1.5.0.202011040924/tools/bin/../lib/gcc/arm-none-eabi/9.3.1/thumb/v7e-m+fp/hard/crtbegin.o
 *(.init)
 .init          0x00000000080007ec        0x4 /opt/st/stm32cubeide_1.6.0/plugins/com.st.stm32cube.ide.mcu.externaltools.gnu-tools-for-stm32.9-2020-q2-update.linux64_1.5.0.202011040924/tools/bin/../lib/gcc/arm-none-eabi/9.3.1/thumb/v7e-m+fp/hard/crti.o
                0x00000000080007ec                _init
 .init          0x00000000080007f0        0x8 /opt/st/stm32cubeide_1.6.0/plugins/com.st.stm32cube.ide.mcu.externaltools.gnu-tools-for-stm32.9-2020-q2-update.linux64_1.5.0.202011040924/tools/bin/../lib/gcc/arm-none-eabi/9.3.1/thumb/v7e-m+fp/hard/crtn.o
 *(.fini)
 .fini          0x00000000080007f8        0x4 /opt/st/stm32cubeide_1.6.0/plugins/com.st.stm32cube.ide.mcu.externaltools.gnu-tools-for-stm32.9-2020-q2-update.linux64_1.5.0.202011040924/tools/bin/../lib/gcc/arm-none-eabi/9.3.1/thumb/v7e-m+fp/hard/crti.o
                0x00000000080007f8                _fini
 .fini          0x00000000080007fc        0x8 /opt/st/stm32cubeide_1.6.0/plugins/com.st.stm32cube.ide.mcu.externaltools.gnu-tools-for-stm32.9-2020-q2-update.linux64_1.5.0.202011040924/tools/bin/../lib/gcc/arm-none-eabi/9.3.1/thumb/v7e-m+fp/hard/crtn.o
                0x0000000008000804                . = ALIGN (0x4)
                0x0000000008000804                _etext = .

.vfp11_veneer   0x0000000008000804        0x0
 .vfp11_veneer  0x0000000008000804        0x0 linker stubs

.v4_bx          0x0000000008000804        0x0
 .v4_bx         0x0000000008000804        0x0 linker stubs

.iplt           0x0000000008000804        0x0
 .iplt          0x0000000008000804        0x0 /opt/st/stm32cubeide_1.6.0/plugins/com.st.stm32cube.ide.mcu.externaltools.gnu-tools-for-stm32.9-2020-q2-update.linux64_1.5.0.202011040924/tools/bin/../lib/gcc/arm-none-eabi/9.3.1/thumb/v7e-m+fp/hard/crtbegin.o

.rel.dyn        0x0000000008000804        0x0
 .rel.iplt      0x0000000008000804        0x0 /opt/st/stm32cubeide_1.6.0/plugins/com.st.stm32cube.ide.mcu.externaltools.gnu-tools-for-stm32.9-2020-q2-update.linux64_1.5.0.202011040924/tools/bin/../lib/gcc/arm-none-eabi/9.3.1/thumb/v7e-m+fp/hard/crtbegin.o

.rodata         0x0000000008000804        0x0
                0x0000000008000804                . = ALIGN (0x4)
 *(.rodata)
 *(.rodata*)
                0x0000000008000804                . = ALIGN (0x4)

.ARM.extab      0x0000000008000804        0x0
                0x0000000008000804                . = ALIGN (0x4)
 *(.ARM.extab* .gnu.linkonce.armextab.*)
                0x0000000008000804                . = ALIGN (0x4)

.ARM            0x0000000008000804        0x0
                0x0000000008000804                . = ALIGN (0x4)
                0x0000000008000804                __exidx_start = .
 *(.ARM.exidx*)
                0x0000000008000804                __exidx_end = .
                0x0000000008000804                . = ALIGN (0x4)

.preinit_array  0x0000000008000804        0x0
                0x0000000008000804                . = ALIGN (0x4)
                0x0000000008000804                PROVIDE (__preinit_array_start = .)
 *(.preinit_array*)
                0x0000000008000804                PROVIDE (__preinit_array_end = .)
                0x0000000008000804                . = ALIGN (0x4)

.init_array     0x0000000008000804        0x4
                0x0000000008000804                . = ALIGN (0x4)
                0x0000000008000804                PROVIDE (__init_array_start = .)
 *(SORT_BY_NAME(.init_array.*))
 *(.init_array*)
 .init_array    0x0000000008000804        0x4 /opt/st/stm32cubeide_1.6.0/plugins/com.st.stm32cube.ide.mcu.externaltools.gnu-tools-for-stm32.9-2020-q2-update.linux64_1.5.0.202011040924/tools/bin/../lib/gcc/arm-none-eabi/9.3.1/thumb/v7e-m+fp/hard/crtbegin.o
                0x0000000008000808                PROVIDE (__init_array_end = .)
                0x0000000008000808                . = ALIGN (0x4)

.fini_array     0x0000000008000808        0x4
                0x0000000008000808                . = ALIGN (0x4)
                [!provide]                        PROVIDE (__fini_array_start = .)
 *(SORT_BY_NAME(.fini_array.*))
 *(.fini_array*)
 .fini_array    0x0000000008000808        0x4 /opt/st/stm32cubeide_1.6.0/plugins/com.st.stm32cube.ide.mcu.externaltools.gnu-tools-for-stm32.9-2020-q2-update.linux64_1.5.0.202011040924/tools/bin/../lib/gcc/arm-none-eabi/9.3.1/thumb/v7e-m+fp/hard/crtbegin.o
                [!provide]                        PROVIDE (__fini_array_end = .)
                0x000000000800080c                . = ALIGN (0x4)
                0x000000000800080c                _sidata = LOADADDR (.data)

.data           0x0000000020000000        0x0 load address 0x000000000800080c
                0x0000000020000000                . = ALIGN (0x4)
                0x0000000020000000                _sdata = .
 *(.data)
 *(.data*)
 *(.RamFunc)
 *(.RamFunc*)
                0x0000000020000000                . = ALIGN (0x4)
                0x0000000020000000                _edata = .

.igot.plt       0x0000000020000000        0x0 load address 0x000000000800080c
 .igot.plt      0x0000000020000000        0x0 /opt/st/stm32cubeide_1.6.0/plugins/com.st.stm32cube.ide.mcu.externaltools.gnu-tools-for-stm32.9-2020-q2-update.linux64_1.5.0.202011040924/tools/bin/../lib/gcc/arm-none-eabi/9.3.1/thumb/v7e-m+fp/hard/crtbegin.o
                0x0000000020000000                . = ALIGN (0x4)

.bss            0x0000000020000000       0x1c load address 0x000000000800080c
                0x0000000020000000                _sbss = .
                0x0000000020000000                __bss_start__ = _sbss
 *(.bss)
 .bss           0x0000000020000000       0x1c /opt/st/stm32cubeide_1.6.0/plugins/com.st.stm32cube.ide.mcu.externaltools.gnu-tools-for-stm32.9-2020-q2-update.linux64_1.5.0.202011040924/tools/bin/../lib/gcc/arm-none-eabi/9.3.1/thumb/v7e-m+fp/hard/crtbegin.o
 *(.bss*)
 *(COMMON)
                0x000000002000001c                . = ALIGN (0x4)
                0x000000002000001c                _ebss = .
                0x000000002000001c                __bss_end__ = _ebss

._user_heap_stack
                0x000000002000001c      0x604 load address 0x000000000800080c
                0x0000000020000020                . = ALIGN (0x8)
 *fill*         0x000000002000001c        0x4 
                [!provide]                        PROVIDE (end = .)
                0x0000000020000020                PROVIDE (_end = .)
                0x0000000020000220                . = (. + _Min_Heap_Size)
 *fill*         0x0000000020000020      0x200 
                0x0000000020000620                . = (. + _Min_Stack_Size)
 *fill*         0x0000000020000220      0x400 
                0x0000000020000620                . = ALIGN (0x8)

/DISCARD/
 libc.a(*)
 libm.a(*)
 libgcc.a(*)

.ARM.attributes
                0x0000000000000000       0x30
 *(.ARM.attributes)
 .ARM.attributes
                0x0000000000000000       0x1e /opt/st/stm32cubeide_1.6.0/plugins/com.st.stm32cube.ide.mcu.externaltools.gnu-tools-for-stm32.9-2020-q2-update.linux64_1.5.0.202011040924/tools/bin/../lib/gcc/arm-none-eabi/9.3.1/thumb/v7e-m+fp/hard/crti.o
 .ARM.attributes
                0x000000000000001e       0x34 /opt/st/stm32cubeide_1.6.0/plugins/com.st.stm32cube.ide.mcu.externaltools.gnu-tools-for-stm32.9-2020-q2-update.linux64_1.5.0.202011040924/tools/bin/../lib/gcc/arm-none-eabi/9.3.1/thumb/v7e-m+fp/hard/crtbegin.o
 .ARM.attributes
                0x0000000000000052       0x34 Src/1_blink_led_push_pull.o
 .ARM.attributes
                0x0000000000000086       0x21 Startup/startup_stm32f446retx.o
 .ARM.attributes
                0x00000000000000a7       0x34 drivers/Src/stm32f44xx_gpio_driver.o
 .ARM.attributes
                0x00000000000000db       0x34 /opt/st/stm32cubeide_1.6.0/plugins/com.st.stm32cube.ide.mcu.externaltools.gnu-tools-for-stm32.9-2020-q2-update.linux64_1.5.0.202011040924/tools/bin/../lib/gcc/arm-none-eabi/9.3.1/../../../../arm-none-eabi/lib/thumb/v7e-m+fp/hard/libc_nano.a(lib_a-init.o)
 .ARM.attributes
                0x000000000000010f       0x1e /opt/st/stm32cubeide_1.6.0/plugins/com.st.stm32cube.ide.mcu.externaltools.gnu-tools-for-stm32.9-2020-q2-update.linux64_1.5.0.202011040924/tools/bin/../lib/gcc/arm-none-eabi/9.3.1/thumb/v7e-m+fp/hard/crtn.o
OUTPUT(stm32f446xx_driver.elf elf32-littlearm)
LOAD linker stubs
LOAD /opt/st/stm32cubeide_1.6.0/plugins/com.st.stm32cube.ide.mcu.externaltools.gnu-tools-for-stm32.9-2020-q2-update.linux64_1.5.0.202011040924/tools/bin/../lib/gcc/arm-none-eabi/9.3.1/../../../../arm-none-eabi/lib/thumb/v7e-m+fp/hard/libc.a
LOAD /opt/st/stm32cubeide_1.6.0/plugins/com.st.stm32cube.ide.mcu.externaltools.gnu-tools-for-stm32.9-2020-q2-update.linux64_1.5.0.202011040924/tools/bin/../lib/gcc/arm-none-eabi/9.3.1/../../../../arm-none-eabi/lib/thumb/v7e-m+fp/hard/libm.a
LOAD /opt/st/stm32cubeide_1.6.0/plugins/com.st.stm32cube.ide.mcu.externaltools.gnu-tools-for-stm32.9-2020-q2-update.linux64_1.5.0.202011040924/tools/bin/../lib/gcc/arm-none-eabi/9.3.1/thumb/v7e-m+fp/hard/libgcc.a

.debug_info     0x0000000000000000     0x12c6
 .debug_info    0x0000000000000000      0xae2 Src/1_blink_led_push_pull.o
 .debug_info    0x0000000000000ae2       0x22 Startup/startup_stm32f446retx.o
 .debug_info    0x0000000000000b04      0x7c2 drivers/Src/stm32f44xx_gpio_driver.o

.debug_abbrev   0x0000000000000000      0x319
 .debug_abbrev  0x0000000000000000      0x1ae Src/1_blink_led_push_pull.o
 .debug_abbrev  0x00000000000001ae       0x12 Startup/startup_stm32f446retx.o
 .debug_abbrev  0x00000000000001c0      0x159 drivers/Src/stm32f44xx_gpio_driver.o

.debug_aranges  0x0000000000000000       0xb8
 .debug_aranges
                0x0000000000000000       0x20 Src/1_blink_led_push_pull.o
 .debug_aranges
                0x0000000000000020       0x28 Startup/startup_stm32f446retx.o
 .debug_aranges
                0x0000000000000048       0x70 drivers/Src/stm32f44xx_gpio_driver.o

.debug_ranges   0x0000000000000000       0x90
 .debug_ranges  0x0000000000000000       0x10 Src/1_blink_led_push_pull.o
 .debug_ranges  0x0000000000000010       0x20 Startup/startup_stm32f446retx.o
 .debug_ranges  0x0000000000000030       0x60 drivers/Src/stm32f44xx_gpio_driver.o

.debug_macro    0x0000000000000000     0x29cc
 .debug_macro   0x0000000000000000      0x23f Src/1_blink_led_push_pull.o
 .debug_macro   0x000000000000023f      0xaae Src/1_blink_led_push_pull.o
 .debug_macro   0x0000000000000ced      0x174 Src/1_blink_led_push_pull.o
 .debug_macro   0x0000000000000e61      0x136 Src/1_blink_led_push_pull.o
 .debug_macro   0x0000000000000f97       0x22 Src/1_blink_led_push_pull.o
 .debug_macro   0x0000000000000fb9       0x8e Src/1_blink_led_push_pull.o
 .debug_macro   0x0000000000001047       0x51 Src/1_blink_led_push_pull.o
 .debug_macro   0x0000000000001098      0x103 Src/1_blink_led_push_pull.o
 .debug_macro   0x000000000000119b       0x6a Src/1_blink_led_push_pull.o
 .debug_macro   0x0000000000001205      0x1df Src/1_blink_led_push_pull.o
 .debug_macro   0x00000000000013e4      0x74a Src/1_blink_led_push_pull.o
 .debug_macro   0x0000000000001b2e       0xc4 Src/1_blink_led_push_pull.o
 .debug_macro   0x0000000000001bf2       0xca Src/1_blink_led_push_pull.o
 .debug_macro   0x0000000000001cbc       0x88 Src/1_blink_led_push_pull.o
 .debug_macro   0x0000000000001d44       0xbe Src/1_blink_led_push_pull.o
 .debug_macro   0x0000000000001e02       0x52 Src/1_blink_led_push_pull.o
 .debug_macro   0x0000000000001e54       0x18 Src/1_blink_led_push_pull.o
 .debug_macro   0x0000000000001e6c       0x3c Src/1_blink_led_push_pull.o
 .debug_macro   0x0000000000001ea8       0x34 Src/1_blink_led_push_pull.o
 .debug_macro   0x0000000000001edc      0x339 Src/1_blink_led_push_pull.o
 .debug_macro   0x0000000000002215       0x16 Src/1_blink_led_push_pull.o
 .debug_macro   0x000000000000222b       0x43 Src/1_blink_led_push_pull.o
 .debug_macro   0x000000000000226e       0x34 Src/1_blink_led_push_pull.o
 .debug_macro   0x00000000000022a2       0x10 Src/1_blink_led_push_pull.o
 .debug_macro   0x00000000000022b2       0x58 Src/1_blink_led_push_pull.o
 .debug_macro   0x000000000000230a       0x71 Src/1_blink_led_push_pull.o
 .debug_macro   0x000000000000237b       0x1c Src/1_blink_led_push_pull.o
 .debug_macro   0x0000000000002397      0x12a Src/1_blink_led_push_pull.o
 .debug_macro   0x00000000000024c1       0x10 Src/1_blink_led_push_pull.o
 .debug_macro   0x00000000000024d1       0x35 Src/1_blink_led_push_pull.o
 .debug_macro   0x0000000000002506       0x10 Src/1_blink_led_push_pull.o
 .debug_macro   0x0000000000002516       0x10 Src/1_blink_led_push_pull.o
 .debug_macro   0x0000000000002526       0x10 Src/1_blink_led_push_pull.o
 .debug_macro   0x0000000000002536       0x1c Src/1_blink_led_push_pull.o
 .debug_macro   0x0000000000002552       0x52 Src/1_blink_led_push_pull.o
 .debug_macro   0x00000000000025a4       0x22 Src/1_blink_led_push_pull.o
 .debug_macro   0x00000000000025c6       0x10 Src/1_blink_led_push_pull.o
 .debug_macro   0x00000000000025d6       0x40 Src/1_blink_led_push_pull.o
 .debug_macro   0x0000000000002616       0xd5 Src/1_blink_led_push_pull.o
 .debug_macro   0x00000000000026eb       0x1c Src/1_blink_led_push_pull.o
 .debug_macro   0x0000000000002707       0x3d Src/1_blink_led_push_pull.o
 .debug_macro   0x0000000000002744       0x35 Src/1_blink_led_push_pull.o
 .debug_macro   0x0000000000002779       0x1c Src/1_blink_led_push_pull.o
 .debug_macro   0x0000000000002795       0x10 Src/1_blink_led_push_pull.o
 .debug_macro   0x00000000000027a5       0x10 Src/1_blink_led_push_pull.o
 .debug_macro   0x00000000000027b5       0x16 Src/1_blink_led_push_pull.o
 .debug_macro   0x00000000000027cb      0x145 Src/1_blink_led_push_pull.o
 .debug_macro   0x0000000000002910       0xbc drivers/Src/stm32f44xx_gpio_driver.o

.debug_line     0x0000000000000000     0x1091
 .debug_line    0x0000000000000000      0x665 Src/1_blink_led_push_pull.o
 .debug_line    0x0000000000000665       0x84 Startup/startup_stm32f446retx.o
 .debug_line    0x00000000000006e9      0x9a8 drivers/Src/stm32f44xx_gpio_driver.o

.debug_str      0x0000000000000000     0xba5c
 .debug_str     0x0000000000000000     0xb680 Src/1_blink_led_push_pull.o
                                       0xb8f4 (size before relaxing)
 .debug_str     0x000000000000b680       0x31 Startup/startup_stm32f446retx.o
                                         0x83 (size before relaxing)
 .debug_str     0x000000000000b6b1      0x3ab drivers/Src/stm32f44xx_gpio_driver.o
                                       0x7a74 (size before relaxing)

.comment        0x0000000000000000       0x53
 .comment       0x0000000000000000       0x53 Src/1_blink_led_push_pull.o
                                         0x54 (size before relaxing)
 .comment       0x0000000000000053       0x54 drivers/Src/stm32f44xx_gpio_driver.o

.debug_frame    0x0000000000000000      0x224
 .debug_frame   0x0000000000000000       0x30 Src/1_blink_led_push_pull.o
 .debug_frame   0x0000000000000030      0x1c8 drivers/Src/stm32f44xx_gpio_driver.o
 .debug_frame   0x00000000000001f8       0x2c /opt/st/stm32cubeide_1.6.0/plugins/com.st.stm32cube.ide.mcu.externaltools.gnu-tools-for-stm32.9-2020-q2-update.linux64_1.5.0.202011040924/tools/bin/../lib/gcc/arm-none-eabi/9.3.1/../../../../arm-none-eabi/lib/thumb/v7e-m+fp/hard/libc_nano.a(lib_a-init.o)
